Booting Linux on physical CPU 0x0
Initializing cgroup subsys cpu
Linux version 3.18.20 (root@lbtechlinux8) (gcc version 4.9.4 20150629 (prerelease) (Hisilicon_v500_20170104) ) #19 Tue Jun 9 07:24:36 EDT 2020
CPU: ARM926EJ-S [41069265] revision 5 (ARMv5TEJ), cr=0005317f
CPU: VIVT data cache, VIVT instruction cache
Machine model: Hisilicon Hi3516CV300 DEMO Board
Memory policy: Data cache writeback
On node 0 totalpages: 32768
free_area_init_node: node 0, pgdat c0505ee4, node_mem_map c7efa000
  Normal zone: 256 pages used for memmap
  Normal zone: 0 pages reserved
  Normal zone: 32768 pages, LIFO batch:7
pcpu-alloc: s0 r0 d32768 u32768 alloc=1*32768
pcpu-alloc: [0] 0 
Built 1 zonelists in Zone order, mobility grouping on.  Total pages: 32512
Kernel command line: mem=128M console=ttyAMA0,115200 root=/dev/mtdblock2 rootfstype=jffs2 rw mtdparts=hi_sfc:512K(boot),3M(kernel),12M(rootfs),448K(config),64K(key)
PID hash table entries: 512 (order: -1, 2048 bytes)
Dentry cache hash table entries: 16384 (order: 4, 65536 bytes)
Inode-cache hash table entries: 8192 (order: 3, 32768 bytes)
Memory: 124432K/131072K available (3754K kernel code, 186K rwdata, 1036K rodata, 136K init, 246K bss, 6640K reserved, 0K highmem)
Virtual kernel memory layout:
    vector  : 0xffff0000 - 0xffff1000   (   4 kB)
    fixmap  : 0xffc00000 - 0xffe00000   (2048 kB)
    vmalloc : 0xc8800000 - 0xff000000   ( 872 MB)
    lowmem  : 0xc0000000 - 0xc8000000   ( 128 MB)
    pkmap   : 0xbfe00000 - 0xc0000000   (   2 MB)
    modules : 0xbf000000 - 0xbfe00000   (  14 MB)
      .text : 0xc0008000 - 0xc04b5fe4   (4792 kB)
      .init : 0xc04b6000 - 0xc04d8000   ( 136 kB)
      .data : 0xc04d8000 - 0xc0506980   ( 187 kB)
       .bss : 0xc0506980 - 0xc0544320   ( 247 kB)
SLUB: HWalign=32, Order=0-3, MinObjects=0, CPUs=1, Nodes=1
NR_IRQS:16 nr_irqs:16 16
VIC @c8800000: id 0x00641190, vendor 0x41
sched_clock: 32 bits at 3000kHz, resolution 333ns, wraps every 1431655765682ns
Console: colour dummy device 80x30
Calibrating delay loop... 398.13 BogoMIPS (lpj=1990656)
pid_max: default: 32768 minimum: 301
Mount-cache hash table entries: 1024 (order: 0, 4096 bytes)
Mountpoint-cache hash table entries: 1024 (order: 0, 4096 bytes)
CPU: Testing write buffer coherency: ok
Setting up static identity map for 0x80395700 - 0x80395758
devtmpfs: initialized
VFP support v0.3: not present
pinctrl core: initialized pinctrl subsystem
NET: Registered protocol family 16
DMA: preallocated 256 KiB pool for atomic coherent allocations
Serial: AMBA PL011 UART driver
12100000.uart: ttyAMA0 at MMIO 0x12100000 (irq = 21, base_baud = 0) is a PL011 rev2
console [ttyAMA0] enabled
12101000.uart: ttyAMA1 at MMIO 0x12101000 (irq = 46, base_baud = 0) is a PL011 rev2
12102000.uart: ttyAMA2 at MMIO 0x12102000 (irq = 41, base_baud = 0) is a PL011 rev2
pl08xdmac 10030000.dma-controller: initialized 4 virtual memcpy channels
pl08xdmac 10030000.dma-controller: initialized 16 virtual slave channels
pl08xdmac 10030000.dma-controller: DMA: PL080 rev1 at 0x10030000 irq 30
SCSI subsystem initialized
ssp-pl022 12120000.spi: ARM PL022 driver, device ID: 0x00800022
ssp-pl022 12120000.spi: mapped registers from 0x12120000 to c8878000
usbcore: registered new interface driver usbfs
usbcore: registered new interface driver hub
usbcore: registered new device driver usb
Switched to clocksource arm,sp804
NET: Registered protocol family 2
TCP established hash table entries: 1024 (order: 0, 4096 bytes)
TCP bind hash table entries: 1024 (order: 0, 4096 bytes)
TCP: Hash tables configured (established 1024 bind 1024)
TCP: reno registered
UDP hash table entries: 256 (order: 0, 4096 bytes)
UDP-Lite hash table entries: 256 (order: 0, 4096 bytes)
NET: Registered protocol family 1
RPC: Registered named UNIX socket transport module.
RPC: Registered udp transport module.
RPC: Registered tcp transport module.
RPC: Registered tcp NFSv4.1 backchannel transport module.
futex hash table entries: 256 (order: -1, 3072 bytes)
jffs2: version 2.2. (NAND) Â© 2001-2006 Red Hat, Inc.
msgmni has been set to 243
Block layer SCSI generic (bsg) driver version 0.4 loaded (major 254)
io scheduler noop registered
io scheduler deadline registered (default)
io scheduler cfq registered
pinctrl-single 12040000.pinmux: 66 pins at pa c88d4000 size 264
pinctrl-single 12040800.pinconf: 76 pins at pa c88d6800 size 304
pl061_gpio 12140000.gpio: PL061 GPIO chip @0x12140000 registered
pl061_gpio 12141000.gpio: PL061 GPIO chip @0x12141000 registered
pl061_gpio 12142000.gpio: PL061 GPIO chip @0x12142000 registered
pl061_gpio 12143000.gpio: PL061 GPIO chip @0x12143000 registered
pl061_gpio 12144000.gpio: PL061 GPIO chip @0x12144000 registered
pl061_gpio 12145000.gpio: PL061 GPIO chip @0x12145000 registered
pl061_gpio 12146000.gpio: PL061 GPIO chip @0x12146000 registered
pl061_gpio 12147000.gpio: PL061 GPIO chip @0x12147000 registered
pl061_gpio 12148000.gpio: PL061 GPIO chip @0x12148000 registered
of_dma_request_slave_channel: dma-names property of node '/soc/uart@12100000' missing or empty
uart-pl011 12100000.uart: no DMA platform data
of_dma_request_slave_channel: dma-names property of node '/soc/uart@12101000' missing or empty
uart-pl011 12101000.uart: no DMA platform data
of_dma_request_slave_channel: dma-names property of node '/soc/uart@12102000' missing or empty
uart-pl011 12102000.uart: no DMA platform data
brd: module loaded
hisi-sfc hisi_spi_nor.0: all blocks is unlocked.
hisi-sfc hisi_spi_nor.0: w25q128 (16384 Kbytes)
5 cmdlinepart partitions found on MTD device hi_sfc
Creating 5 MTD partitions on "hi_sfc":
0x000000000000-0x000000080000 : "boot"
0x000000080000-0x000000380000 : "kernel"
0x000000380000-0x000000f80000 : "rootfs"
0x000000f80000-0x000000ff0000 : "config"
0x000000ff0000-0x000001000000 : "key"
hisi-sfc hisi_spi_nor.0: pyu: spi_nor: register: ret=0 
SPI Nand ID Table Version 2.2
Cannot found a valid SPI Nand Device
libphy: hisi_femac_mii_bus: probed
hisi-femac 10050000.ethernet: phy_id=0x001cc816, phy_addr=1, phy_mode=rmii
hisi-femac 10050000.ethernet: using random MAC address 22:8c:52:db:d8:85
ehci_hcd: USB 2.0 'Enhanced' Host Controller (EHCI) Driver
ehci-platform: EHCI generic platform driver
ehci-platform 10120000.ehci: EHCI Host Controller
ehci-platform 10120000.ehci: new USB bus registered, assigned bus number 1
ehci-platform 10120000.ehci: irq 31, io mem 0x10120000
ehci-platform 10120000.ehci: USB 2.0 started, EHCI 1.00
hub 1-0:1.0: USB hub found
hub 1-0:1.0: 1 port detected
ohci_hcd: USB 1.1 'Open' Host Controller (OHCI) Driver
ohci-platform: OHCI generic platform driver
ohci-platform 10110000.ohci: Generic Platform OHCI controller
ohci-platform 10110000.ohci: new USB bus registered, assigned bus number 2
ohci-platform 10110000.ohci: irq 32, io mem 0x10110000
hub 2-0:1.0: USB hub found
hub 2-0:1.0: 1 port detected
usbcore: registered new interface driver usb-storage
mousedev: PS/2 mouse device common for all mice
i2c /dev entries driver
hibvt-i2c 12110000.i2c: hibvt-i2c0@100000hz registered
hibvt-i2c 12112000.i2c: hibvt-i2c1@100000hz registered
himci: mmc host probe
himci: mmc host probe
usb 1-1: new high-speed USB device number 2 using ehci-platform
himci: mmc host probe
usbcore: registered new interface driver usbhid
usbhid: USB HID core driver
TCP: cubic registered
NET: Registered protocol family 10
NET: Registered protocol family 17
lib80211: common routines for IEEE802.11 drivers
lib80211_crypt: registered algorithm 'NULL'
lib80211_crypt: registered algorithm 'WEP'
lib80211_crypt: registered algorithm 'CCMP'
lib80211_crypt: registered algorithm 'TKIP'
VFS: Mounted root (jffs2 filesystem) on device 31:2.
devtmpfs: mounted
Freeing unused kernel memory: 136K (c04b6000 - c04d8000)
random: init urandom read with 3 bits of entropy available
>udev[52]: starting version 167
IPv6: ADDRCONF(NETDEV_UP): eth0: link is not ready
Module himedia: init ok
Hisilicon Media Memory Zone Manager
The module param setup_allocator is hisi 
hi_osal 1.0 init success!
hi3516cv300_base: module license 'Proprietary' taints kernel.
Disabling lock debugging due to kernel taint
load sys.ko for Hi3516CV300...OK!
load region.ko for Hi3516CV300...OK!
load vgs.ko for Hi3516CV300...OK!
load viu.ko for Hi3516CV300...OK!
ISP Mod init!
load vpss.ko for Hi3516CV300...OK!
load vou.ko for Hi3516CV300...OK!
load rc.ko for Hi3516CV300...OK!
load venc.ko for Hi3516CV300...OK!
load chnl.ko for Hi3516CV300...OK!
load vedu.ko for Hi3516CV300...OK!
load h264e.ko for Hi3516CV300...OK!
load h265e.ko for Hi3516CV300...OK!
load jpege.ko for Hi3516CV300...OK!
load ive.ko for Hi3516CV300...OK!
load ai.ko for Hi3516CV300...OK!
load ao.ko for Hi3516CV300...OK!
load aenc.ko for Hi3516CV300...OK!
load adec.ko for Hi3516CV300...OK!
load acodec.ko for Hi3516CV300...OK!
load hi_mipi driver successful!
hirtc init ok. ver=Apr 24 2017, 06:37:25.
Hisilicon Watchdog Timer: 0.01 initialized. default_margin=60 sec (nodeamon= 0)
hisi-femac 10050000.ethernet eth0: Link is Up - 100Mbps/Full - flow control rx/tx
IPv6: ADDRCONF(NETDEV_CHANGE): eth0: link becomes ready
cfg80211: Calling CRDA to update world regulatory domain
==>[0]:PreBuff:0xc6864000, DmaAddr:0x86864000
==>[1]:PreBuff:0xc6854000, DmaAddr:0x86854000
==>[2]:PreBuff:0xc68ec000, DmaAddr:0x868ec000
==>[3]:PreBuff:0xc6878000, DmaAddr:0x86878000
==>[4]:PreBuff:0xc687c000, DmaAddr:0x8687c000
==>[5]:PreBuff:0xc68a0000, DmaAddr:0x868a0000
==>[6]:PreBuff:0xc68a4000, DmaAddr:0x868a4000
==>[7]:PreBuff:0xc6888000, DmaAddr:0x86888000
==>[8]:PreBuff:0xc688c000, DmaAddr:0x8688c000
==>[9]:PreBuff:0xc6890000, DmaAddr:0x86890000
==>[10]:PreBuff:0xc6894000, DmaAddr:0x86894000
==>[11]:PreBuff:0xc6898000, DmaAddr:0x86898000
==>[12]:PreBuff:0xc689c000, DmaAddr:0x8689c000
==>[13]:PreBuff:0xc68f0000, DmaAddr:0x868f0000
==>[14]:PreBuff:0xc68f4000, DmaAddr:0x868f4000
==>[15]:PreBuff:0xc68f8000, DmaAddr:0x868f8000
==>[16]:PreBuff:0xc68fc000, DmaAddr:0x868fc000
==>[17]:PreBuff:0xc6900000, DmaAddr:0x86900000
==>[18]:PreBuff:0xc6904000, DmaAddr:0x86904000
==>[19]:PreBuff:0xc6908000, DmaAddr:0x86908000
==>[20]:PreBuff:0xc690c000, DmaAddr:0x8690c000
==>[21]:PreBuff:0xc6910000, DmaAddr:0x86910000
==>[22]:PreBuff:0xc6914000, DmaAddr:0x86914000
==>[23]:PreBuff:0xc6918000, DmaAddr:0x86918000
==>[24]:PreBuff:0xc691c000, DmaAddr:0x8691c000
==>[25]:PreBuff:0xc6920000, DmaAddr:0x86920000
==>[26]:PreBuff:0xc6924000, DmaAddr:0x86924000
==>[27]:PreBuff:0xc6928000, DmaAddr:0x86928000
==>[28]:PreBuff:0xc692c000, DmaAddr:0x8692c000
==>[29]:PreBuff:0xc6930000, DmaAddr:0x86930000
==>[30]:PreBuff:0xc6934000, DmaAddr:0x86934000
==>[31]:PreBuff:0xc6938000, DmaAddr:0x86938000
==>[32]:PreBuff:0xc693c000, DmaAddr:0x8693c000
==>[33]:PreBuff:0xc6940000, DmaAddr:0x86940000
==>[34]:PreBuff:0xc6944000, DmaAddr:0x86944000
==>[35]:PreBuff:0xc6948000, DmaAddr:0x86948000
==>[36]:PreBuff:0xc694c000, DmaAddr:0x8694c000
==>[37]:PreBuff:0xc6950000, DmaAddr:0x86950000
==>[38]:PreBuff:0xc6954000, DmaAddr:0x86954000
==>[39]:PreBuff:0xc6958000, DmaAddr:0x86958000
==>[40]:PreBuff:0xc695c000, DmaAddr:0x8695c000
==>[41]:PreBuff:0xc6960000, DmaAddr:0x86960000
==>[42]:PreBuff:0xc6964000, DmaAddr:0x86964000
==>[43]:PreBuff:0xc6968000, DmaAddr:0x86968000
==>[44]:PreBuff:0xc696c000, DmaAddr:0x8696c000
==>[45]:PreBuff:0xc6970000, DmaAddr:0x86970000
==>[46]:PreBuff:0xc6974000, DmaAddr:0x86974000
==>[47]:PreBuff:0xc6978000, DmaAddr:0x86978000
==>[48]:PreBuff:0xc697c000, DmaAddr:0x8697c000
==>[49]:PreBuff:0xc6980000, DmaAddr:0x86980000
==>[50]:PreBuff:0xc6984000, DmaAddr:0x86984000
==>[51]:PreBuff:0xc6988000, DmaAddr:0x86988000
==>[52]:PreBuff:0xc698c000, DmaAddr:0x8698c000
==>[53]:PreBuff:0xc6990000, DmaAddr:0x86990000
==>[54]:PreBuff:0xc6994000, DmaAddr:0x86994000
==>[55]:PreBuff:0xc6998000, DmaAddr:0x86998000
==>[56]:PreBuff:0xc699c000, DmaAddr:0x8699c000
==>[57]:PreBuff:0xc69a0000, DmaAddr:0x869a0000
==>[58]:PreBuff:0xc69a4000, DmaAddr:0x869a4000
==>[59]:PreBuff:0xc69a8000, DmaAddr:0x869a8000
==>[60]:PreBuff:0xc69ac000, DmaAddr:0x869ac000
==>[61]:PreBuff:0xc69b0000, DmaAddr:0x869b0000
==>[62]:PreBuff:0xc69b4000, DmaAddr:0x869b4000
==>[63]:PreBuff:0xc69b8000, DmaAddr:0x869b8000
==>[64]:PreBuff:0xc69bc000, DmaAddr:0x869bc000
==>[65]:PreBuff:0xc69c0000, DmaAddr:0x869c0000
==>[66]:PreBuff:0xc69c4000, DmaAddr:0x869c4000
==>[67]:PreBuff:0xc69c8000, DmaAddr:0x869c8000
==>[68]:PreBuff:0xc69cc000, DmaAddr:0x869cc000
==>[69]:PreBuff:0xc69d0000, DmaAddr:0x869d0000
==>[70]:PreBuff:0xc7be8000, DmaAddr:0x87be8000
==>[71]:PreBuff:0xc7be9000, DmaAddr:0x87be9000
==>[72]:PreBuff:0xc69d8000, DmaAddr:0x869d8000
==>[73]:PreBuff:0xc69e0000, DmaAddr:0x869e0000
==>[74]:PreBuff:0xc69e8000, DmaAddr:0x869e8000
==>[75]:PreBuff:0xc69f0000, DmaAddr:0x869f0000
==>[76]:PreBuff:0xc69f8000, DmaAddr:0x869f8000
==>[77]:PreBuff:0xc6a00000, DmaAddr:0x86a00000
==>[78]:PreBuff:0xc6a08000, DmaAddr:0x86a08000
==>[79]:PreBuff:0xc6a10000, DmaAddr:0x86a10000
==>[80]:PreBuff:0xc6862000, DmaAddr:0x86862000
install prealloc ok
rtusb init rt2870 --->


=== pAd = ca28b000, size = 1582016 ===

allocate tx ringidx 0 
RTMPQMemAddr[0]
allocate tx ringidx 1 
RTMPQMemAddr[1]
allocate tx ringidx 2 
RTMPQMemAddr[2]
allocate tx ringidx 3 
RTMPQMemAddr[3]
allocate tx ringidx 4 
RTMPQMemAddr[4]
allocate tx ringidx 5 
RTMPQMemAddr[5]
allocate tx ringidx 6 
RTMPQMemAddr[6]
allocate tx ringidx 7 
RTMPQMemAddr[7]
allocate tx ringidx 8 
RTMPQMemAddr[8]
allocate tx ringidx 9 
RTMPQMemAddr[9]
allocate tx ringidx 10 
RTMPQMemAddr[10]
allocate tx ringidx 11 
RTMPQMemAddr[11]
allocate tx ringidx 12 
RTMPQMemAddr[12]
allocate tx ringidx 13 
RTMPQMemAddr[13]
allocate tx ringidx 0 
RTMPQMemAddr[14]
allocate tx ringidx 1 
RTMPQMemAddr[15]
allocate tx ringidx 2 
RTMPQMemAddr[16]
allocate tx ringidx 3 
RTMPQMemAddr[17]
allocate tx ringidx 4 
RTMPQMemAddr[18]
allocate tx ringidx 5 
RTMPQMemAddr[19]
allocate tx ringidx 6 
RTMPQMemAddr[20]
allocate tx ringidx 7 
RTMPQMemAddr[21]
allocate tx ringidx 8 
RTMPQMemAddr[22]
allocate tx ringidx 9 
RTMPQMemAddr[23]
allocate tx ringidx 10 
RTMPQMemAddr[24]
allocate tx ringidx 11 
RTMPQMemAddr[25]
allocate tx ringidx 12 
RTMPQMemAddr[26]
allocate tx ringidx 13 
RTMPQMemAddr[27]
allocate tx ringidx 0 
RTMPQMemAddr[28]
allocate tx ringidx 1 
RTMPQMemAddr[29]
allocate tx ringidx 2 
RTMPQMemAddr[30]
allocate tx ringidx 3 
RTMPQMemAddr[31]
allocate tx ringidx 4 
RTMPQMemAddr[32]
allocate tx ringidx 5 
RTMPQMemAddr[33]
allocate tx ringidx 6 
RTMPQMemAddr[34]
allocate tx ringidx 7 
RTMPQMemAddr[35]
allocate tx ringidx 8 
RTMPQMemAddr[36]
allocate tx ringidx 9 
RTMPQMemAddr[37]
allocate tx ringidx 10 
RTMPQMemAddr[38]
allocate tx ringidx 11 
RTMPQMemAddr[39]
allocate tx ringidx 12 
RTMPQMemAddr[40]
allocate tx ringidx 13 
RTMPQMemAddr[41]
allocate tx ringidx 0 
RTMPQMemAddr[42]
allocate tx ringidx 1 
RTMPQMemAddr[43]
allocate tx ringidx 2 
RTMPQMemAddr[44]
allocate tx ringidx 3 
RTMPQMemAddr[45]
allocate tx ringidx 4 
RTMPQMemAddr[46]
allocate tx ringidx 5 
RTMPQMemAddr[47]
allocate tx ringidx 6 
RTMPQMemAddr[48]
allocate tx ringidx 7 
RTMPQMemAddr[49]
allocate tx ringidx 8 
RTMPQMemAddr[50]
allocate tx ringidx 9 
RTMPQMemAddr[51]
allocate tx ringidx 10 
RTMPQMemAddr[52]
allocate tx ringidx 11 
RTMPQMemAddr[53]
allocate tx ringidx 12 
RTMPQMemAddr[54]
allocate tx ringidx 13 
RTMPQMemAddr[55]
RTMPQMemAddr[70]
RTMPQMemAddr[71]
RTMPQMemAddr[72]
RTMPQMemAddr[73]
RTMPQMemAddr[74]
RTMPQMemAddr[75]
RTMPQMemAddr[76]
RTMPQMemAddr[77]
RTMPQMemAddr[78]
RTMPQMemAddr[79]
RTMPQMemAddr[80]
<-- RTMPAllocTxRxRingMemory, Status=0
<-- RTMPAllocAdapterBlock, Status=0
RTMP_COM_IoctlHandle():pAd->BulkOutEpAddr=0x8
RTMP_COM_IoctlHandle():pAd->BulkOutEpAddr=0x4
RTMP_COM_IoctlHandle():pAd->BulkOutEpAddr=0x5
RTMP_COM_IoctlHandle():pAd->BulkOutEpAddr=0x6
RTMP_COM_IoctlHandle():pAd->BulkOutEpAddr=0x7
RTMP_COM_IoctlHandle():pAd->BulkOutEpAddr=0x9
STA Driver version-JEDI.MP1.mt7601u.v1.4.6
Compile time-
==>WaitForAsicReady MAC_CSR0=0x76010500
==>WaitForAsicReady MAC_CSR0=0x76010500
NVM is EFUSE
Endpoint(8) is for In-band Command
Endpoint(4) is for WMM0 AC0
Endpoint(5) is for WMM0 AC1
Endpoint(6) is for WMM0 AC2
Endpoint(7) is for WMM0 AC3
Endpoint(9) is for WMM1 AC0
Endpoint(84) is for Data-In
Endpoint(85) is for Command Rsp
80211> RFICType = 3
NumOfChan ===> 58
80211> Number of channel = 0x44
80211> Number of rate = 12
80211> CurTxPower = 0 dBm
80211> TxStream = 0
crda> requlation requestion by core: 00
80211> CFG80211_Register
usbcore: registered new interface driver rt2870
1. LDO_CTR0(6c) = a6478d, PMU_OCLEVEL 6
2. LDO_CTR0(6c) = a6478d, PMU_OCLEVEL 6
==>WaitForAsicReady MAC_CSR0=0x76010500
########DBG(Change PMU LEVEL)
==>WaitForAsicReady MAC_CSR0=0x76010500
cfg_mode=9
cfg_mode=9
wmode_band_equal(): Band Equal!
1. Phy Mode = 14
2. Phy Mode = 14
ERROR!!! MT7601 E2PROM: WRONG VERSION 0xb, should be 9
3. Phy Mode = 14
AntCfgInit: primary/secondary ant 0/1
MCS Set = ff 00 00 00 01
<==== STA : rt28xx_init, Status=0
NumOfChan ===> 14
0x1300 = 00064300
RTMPDrvOpen(1):Check if PDMA is idle!
RTMPDrvOpen(2):Check if PDMA is idle!
MT7601_ChipSwitchChannel: SwitchChannel#1(RF=15, 1T)
MT7601_ChipSwitchChannel: SwitchChannel#2(RF=15, 1T)
MT7601_ChipSwitchChannel: SwitchChannel#3(RF=15, 1T)
MT7601_ChipSwitchChannel: SwitchChannel#4(RF=15, 1T)
MT7601_ChipSwitchChannel: SwitchChannel#5(RF=15, 1T)
MT7601_ChipSwitchChannel: SwitchChannel#6(RF=15, 1T)
MT7601_ChipSwitchChannel: SwitchChannel#7(RF=15, 1T)
MT7601_ChipSwitchChannel: SwitchChannel#8(RF=15, 1T)
MT7601_ChipSwitchChannel: SwitchChannel#9(RF=15, 1T)
MT7601_ChipSwitchChannel: SwitchChannel#10(RF=15, 1T)
MT7601_ChipSwitchChannel: SwitchChannel#11(RF=15, 1T)
MT7601_ChipSwitchChannel: SwitchChannel#12(RF=15, 1T)
MT7601_ChipSwitchChannel: SwitchChannel#13(RF=15, 1T)
MT7601_ChipSwitchChannel: SwitchChannel#1(RF=15, 1T)
MT7601_ChipSwitchChannel: SwitchChannel#1(RF=15, 1T)
MT7601_ChipSwitchChannel: SwitchChannel#2(RF=15, 1T)
MT7601_ChipSwitchChannel: SwitchChannel#3(RF=15, 1T)
MT7601_ChipSwitchChannel: SwitchChannel#4(RF=15, 1T)
MT7601_ChipSwitchChannel: SwitchChannel#5(RF=15, 1T)
MT7601_ChipSwitchChannel: SwitchChannel#6(RF=15, 1T)
MT7601_ChipSwitchChannel: SwitchChannel#7(RF=15, 1T)
MT7601_ChipSwitchChannel: SwitchChannel#8(RF=15, 1T)
MT7601_ChipSwitchChannel: SwitchChannel#9(RF=15, 1T)
MT7601_ChipSwitchChannel: SwitchChannel#10(RF=15, 1T)
MT7601_ChipSwitchChannel: SwitchChannel#11(RF=15, 1T)
MT7601_ChipSwitchChannel: SwitchChannel#12(RF=15, 1T)
MT7601_ChipSwitchChannel: SwitchChannel#13(RF=15, 1T)
MT7601_ChipSwitchChannel: SwitchChannel#1(RF=15, 1T)
IPv6: ADDRCONF(NETDEV_UP): eth0: link is not ready
hisi-femac 10050000.ethernet eth0: Link is Up - 100Mbps/Full - flow control rx/tx
IPv6: ADDRCONF(NETDEV_CHANGE): eth0: link becomes ready


